[2025-11-09 21:19:59] === Live Tracker booting ===
[2025-11-09 21:19:59] UI init…
[2025-11-09 21:19:59] logo load fail: image "pyimage1" doesn't exist
[2025-11-09 21:19:59] UI mainloop starting
[2025-11-09 21:19:59] tracker watch: C:\Boshy Randomizer\IWBTB\SaveFile1.ini, C:\Boshy Randomizer\IWBTB\onlineLicense.ini
[2025-11-09 21:19:59] smart_read: SaveFile1.ini -> plain (score=1)
[2025-11-09 21:19:59] smart_read: onlineLicense.ini -> plain (score=0)
[2025-11-09 21:20:01] smart_read: SaveFile1.ini -> plain (score=0)
[2025-11-09 21:20:01] smart_read: onlineLicense.ini -> plain (score=0)
[2025-11-09 21:20:03] smart_read: SaveFile1.ini -> plain (score=0)
[2025-11-09 21:20:03] smart_read: onlineLicense.ini -> plain (score=0)
[2025-11-09 21:20:05] smart_read: SaveFile1.ini -> plain (score=0)
[2025-11-09 21:20:05] smart_read: onlineLicense.ini -> plain (score=0)
[2025-11-09 21:20:07] smart_read: SaveFile1.ini -> plain (score=0)
[2025-11-09 21:20:07] smart_read: onlineLicense.ini -> plain (score=0)
[2025-11-09 21:20:09] smart_read: SaveFile1.ini -> plain (score=0)
[2025-11-09 21:20:09] smart_read: onlineLicense.ini -> plain (score=0)
[2025-11-09 21:20:11] smart_read: SaveFile1.ini -> plain (score=0)
[2025-11-09 21:20:11] smart_read: onlineLicense.ini -> plain (score=0)
[2025-11-09 21:20:13] smart_read: SaveFile1.ini -> plain (score=0)
[2025-11-09 21:20:13] smart_read: onlineLicense.ini -> plain (score=0)
[2025-11-09 21:20:16] smart_read: SaveFile1.ini -> plain (score=1)
[2025-11-09 21:20:16] smart_read: onlineLicense.ini -> plain (score=0)
[2025-11-09 21:42:57] === Live Tracker booting ===
[2025-11-09 21:42:57] UI init…
[2025-11-09 21:42:57] logo load fail: image "pyimage1" doesn't exist
[2025-11-09 21:42:57] UI mainloop starting
y Randomizer\IWBTB\SaveFile1.ini, C:\Boshy Randomizer\IWBTB\onlineLicense.ini
[2025-11-09 21:42:57] smart_read: SaveFile1.ini -> rc4 (score=9)
[2025-11-09 21:42:57] smart_read: onlineLicense.ini -> rc4 (score=1)
[2025-11-09 21:42:59] smart_read: SaveFile1.ini -> rc4 (score=13)
[2025-11-09 21:42:59] smart_read: onlineLicense.ini -> rc4 (score=1)
[2025-11-09 21:43:01] smart_read: SaveFile1.ini -> rc4 (score=13)
[2025-11-09 21:43:01] smart_read: onlineLicense.ini -> rc4 (score=1)
[2025-11-09 21:43:04] smart_read: SaveFile1.ini -> rc4 (score=13)
[2025-11-09 21:43:04] timer started
[2025-11-09 21:43:04] smart_read: onlineLicense.ini -> rc4 (score=1)
[2025-11-09 21:43:06] smart_read: SaveFile1.ini -> rc4 (score=13)
[2025-11-09 21:43:06] smart_read: onlineLicense.ini -> rc4 (score=1)
[2025-11-09 21:43:08] smart_read: SaveFile1.ini -> rc4 (score=13)
[2025-11-09 21:43:08] smart_read: onlineLicense.ini -> rc4 (score=1)
[2025-11-09 21:43:10] smart_read: SaveFile1.ini -> rc4 (score=13)
[2025-11-09 21:43:10] smart_read: onlineLicense.ini -> rc4 (score=1)
[2025-11-09 21:43:12] smart_read: SaveFile1.ini -> rc4 (score=13)
[2025-11-09 21:43:12] smart_read: onlineLicense.ini -> rc4 (score=1)
[2025-11-09 21:43:14] smart_read: SaveFile1.ini -> rc4 (score=13)
[2025-11-09 21:43:14] smart_read: onlineLicense.ini -> rc4 (score=1)
[2025-11-09 21:43:16] smart_read: SaveFile1.ini -> rc4 (score=13)
[2025-11-09 21:43:16] smart_read: onlineLicense.ini -> rc4 (score=1)
[2025-11-09 21:43:18] smart_read: SaveFile1.ini -> rc4 (score=13)
[2025-11-09 21:43:18] smart_read: onlineLicense.ini -> rc4 (score=1)
[2025-11-09 21:43:20] smart_read: SaveFile1.ini -> rc4 (score=13)
[2025-11-09 21:43:20] smart_read: onlineLicense.ini -> rc4 (score=1)
[2025-11-09 21:43:22] smart_read: SaveFile1.ini -> rc4 (score=13)
[2025-11-09 21:43:22] smart_read: onlineLicense.ini -> rc4 (score=1)
[2025-11-09 21:43:24] smart_read: SaveFile1.ini -> rc4 (score=13)
[2025-11-09 21:43:24] smart_read: onlineLicense.ini -> rc4 (score=1)
[2025-11-09 21:43:26] smart_read: SaveFile1.ini -> rc4 (score=13)
[2025-11-09 21:43:26] smart_read: onlineLicense.ini -> rc4 (score=1)
[2025-11-09 21:43:28] smart_read: SaveFile1.ini -> rc4 (score=13)
[2025-11-09 21:43:28] smart_read: onlineLicense.ini -> rc4 (score=1)
[2025-11-09 21:43:30] smart_read: SaveFile1.ini -> rc4 (score=13)
[2025-11-09 21:43:30] smart_read: onlineLicense.ini -> rc4 (score=1)
[2025-11-09 21:43:38] === Live Tracker booting ===
[2025-11-09 21:43:38] UI init…
[2025-11-09 21:43:39] logo load fail: image "pyimage1" doesn't exist
[2025-11-09 21:43:39] tracker watch: C:\Boshy Randomizer\IWBTB\SaveFile1.ini, C:\Boshy Randomizer\IWBTB\onlineLicense.ini
[2025-11-09 21:43:39] smart_read: SaveFile1.ini -> rc4 (score=9)
[2025-11-09 21:43:39] smart_read: onlineLicense.ini -> rc4 (score=1)
[2025-11-09 21:43:41] smart_read: SaveFile1.ini -> rc4 (score=13)
[2025-11-09 21:43:41] smart_read: onlineLicense.ini -> rc4 (score=1)
[2025-11-09 21:43:43] smart_read: SaveFile1.ini -> rc4 (score=13)
[2025-11-09 21:43:43] smart_read: onlineLicense.ini -> rc4 (score=1)
[2025-11-09 21:43:45] smart_read: SaveFile1.ini -> rc4 (score=13)
[2025-11-09 21:43:45] smart_read: onlineLicense.ini -> rc4 (score=1)
[2025-11-09 21:43:47] smart_read: SaveFile1.ini -> rc4 (score=13)
[2025-11-09 21:43:47] timer started
[2025-11-09 21:43:47] smart_read: onlineLicense.ini -> rc4 (score=1)
[2025-11-09 21:43:49] smart_read: SaveFile1.ini -> rc4 (score=13)
[2025-11-09 21:43:49] smart_read: onlineLicense.ini -> rc4 (score=1)
[2025-11-09 21:43:51] smart_read: SaveFile1.ini -> rc4 (score=13)
[2025-11-09 21:43:51] smart_read: onlineLicense.ini -> rc4 (score=1)
[2025-11-09 21:43:53] smart_read: SaveFile1.ini -> rc4 (score=13)
[2025-11-09 21:43:53] smart_read: onlineLicense.ini -> rc4 (score=1)
[2025-11-09 21:43:55] smart_read: SaveFile1.ini -> rc4 (score=13)
[2025-11-09 21:43:55] smart_read: onlineLicense.ini -> rc4 (score=1)
[2025-11-09 21:43:57] smart_read: SaveFile1.ini -> rc4 (score=13)
[2025-11-09 21:43:57] smart_read: onlineLicense.ini -> rc4 (score=1)
[2025-11-09 21:43:59] smart_read: SaveFile1.ini -> rc4 (score=13)
[2025-11-09 21:43:59] smart_read: onlineLicense.ini -> rc4 (score=1)
[2025-11-09 21:44:01] smart_read: SaveFile1.ini -> rc4 (score=13)
[2025-11-09 21:44:01] smart_read: onlineLicense.ini -> rc4 (score=1)
[2025-11-09 21:44:03] smart_read: SaveFile1.ini -> rc4 (score=13)
[2025-11-09 21:44:03] smart_read: onlineLicense.ini -> rc4 (score=1)
[2025-11-09 21:44:05] smart_read: SaveFile1.ini -> rc4 (score=13)
[2025-11-09 21:44:05] smart_read: onlineLicense.ini -> rc4 (score=1)
[2025-11-09 21:44:07] smart_read: SaveFile1.ini -> rc4 (score=13)
[2025-11-09 21:44:07] smart_read: onlineLicense.ini -> rc4 (score=1)
[2025-11-09 21:44:09] smart_read: SaveFile1.ini -> rc4 (score=13)
[2025-11-09 21:44:09] smart_read: onlineLicense.ini -> rc4 (score=1)
[2025-11-09 21:44:11] smart_read: SaveFile1.ini -> rc4 (score=13)
[2025-11-09 21:44:11] smart_read: onlineLicense.ini -> rc4 (score=1)
[2025-11-09 21:44:13] smart_read: SaveFile1.ini -> rc4 (score=13)
[2025-11-09 21:44:13] smart_read: onlineLicense.ini -> rc4 (score=1)
[2025-11-09 21:44:15] smart_read: SaveFile1.ini -> rc4 (score=13)
[2025-11-09 21:44:15] smart_read: onlineLicense.ini -> rc4 (score=1)
[2025-11-09 21:44:17] smart_read: SaveFile1.ini -> rc4 (score=13)
[2025-11-09 21:44:17] smart_read: onlineLicense.ini -> rc4 (score=1)
[2025-11-09 21:44:19] smart_read: SaveFile1.ini -> rc4 (score=13)
[2025-11-09 21:44:19] smart_read: onlineLicense.ini -> rc4 (score=1)
[2025-11-09 21:44:21] smart_read: SaveFile1.ini -> rc4 (score=13)
[2025-11-09 21:44:21] smart_read: onlineLicense.ini -> rc4 (score=1)
[2025-11-09 21:44:23] UI hidden by user
[2025-11-09 21:44:23] smart_read: SaveFile1.ini -> rc4 (score=13)
[2025-11-09 21:44:23] smart_read: onlineLicense.ini -> rc4 (score=1)
[2025-11-10 18:46:19] === Live Tracker booting ===
[2025-11-10 18:46:19] UI init…
[2025-11-10 18:46:19] logo load fail: image "pyimage1" doesn't exist
[2025-11-10 18:46:19] UI mainloop starting
y Randomizer\IWBTB\SaveFile1.ini, C:\Boshy Randomizer\IWBTB\onlineLicense.ini
[2025-11-10 18:46:19] smart_read: SaveFile1.ini -> rc4 (score=9)
[2025-11-10 18:46:19] smart_read: onlineLicense.ini -> rc4 (score=1)
[2025-11-10 18:46:21] smart_read: SaveFile1.ini -> rc4 (score=9)
[2025-11-10 18:46:21] smart_read: onlineLicense.ini -> rc4 (score=1)
[2025-11-10 18:46:23] smart_read: SaveFile1.ini -> rc4 (score=13)
[2025-11-10 18:46:23] smart_read: onlineLicense.ini -> rc4 (score=1)
[2025-11-10 18:46:25] smart_read: SaveFile1.ini -> rc4 (score=13)
[2025-11-10 18:46:25] smart_read: onlineLicense.ini -> rc4 (score=1)
[2025-11-10 18:46:28] smart_read: SaveFile1.ini -> rc4 (score=13)
[2025-11-10 18:46:28] smart_read: onlineLicense.ini -> rc4 (score=1)
[2025-11-10 18:46:30] smart_read: SaveFile1.ini -> rc4 (score=13)
[2025-11-10 18:46:30] smart_read: onlineLicense.ini -> rc4 (score=1)
[2025-11-10 18:46:32] smart_read: SaveFile1.ini -> rc4 (score=13)
[2025-11-10 18:46:32] timer started
[2025-11-10 18:46:32] smart_read: onlineLicense.ini -> rc4 (score=1)
[2025-11-10 18:46:34] smart_read: SaveFile1.ini -> rc4 (score=13)
[2025-11-10 18:46:34] smart_read: onlineLicense.ini -> rc4 (score=1)
[2025-11-10 18:46:36] smart_read: SaveFile1.ini -> rc4 (score=13)
[2025-11-10 18:46:36] smart_read: onlineLicense.ini -> rc4 (score=1)
[2025-11-10 18:46:38] smart_read: SaveFile1.ini -> rc4 (score=13)
[2025-11-10 18:46:38] smart_read: onlineLicense.ini -> rc4 (score=1)
[2025-11-10 18:46:40] smart_read: SaveFile1.ini -> rc4 (score=13)
[2025-11-10 18:46:40] smart_read: onlineLicense.ini -> rc4 (score=1)
[2025-11-10 18:46:42] smart_read: SaveFile1.ini -> rc4 (score=13)
[2025-11-10 18:46:42] smart_read: onlineLicense.ini -> rc4 (score=1)
[2025-11-10 18:46:44] smart_read: SaveFile1.ini -> rc4 (score=13)
[2025-11-10 18:46:44] smart_read: onlineLicense.ini -> rc4 (score=1)
[2025-11-10 18:46:46] smart_read: SaveFile1.ini -> rc4 (score=13)
[2025-11-10 18:46:46] smart_read: onlineLicense.ini -> rc4 (score=1)
[2025-11-10 18:46:48] smart_read: SaveFile1.ini -> rc4 (score=13)
[2025-11-10 18:46:48] smart_read: onlineLicense.ini -> rc4 (score=1)
[2025-11-10 18:46:50] smart_read: SaveFile1.ini -> rc4 (score=13)
[2025-11-10 18:46:50] smart_read: onlineLicense.ini -> rc4 (score=1)
[2025-11-10 18:46:52] smart_read: SaveFile1.ini -> rc4 (score=13)
[2025-11-10 18:46:52] smart_read: onlineLicense.ini -> rc4 (score=1)
[2025-11-10 18:46:54] smart_read: SaveFile1.ini -> rc4 (score=13)
[2025-11-10 18:46:54] smart_read: onlineLicense.ini -> rc4 (score=1)
[2025-11-10 18:46:56] smart_read: SaveFile1.ini -> rc4 (score=13)
[2025-11-10 18:46:56] smart_read: onlineLicense.ini -> rc4 (score=1)
[2025-11-10 18:46:58] smart_read: SaveFile1.ini -> rc4 (score=13)
[2025-11-10 18:46:58] smart_read: onlineLicense.ini -> rc4 (score=1)
[2025-11-10 18:46:58] UI hidden by user
[2025-11-10 18:50:23] === Live Tracker booting ===
[2025-11-10 18:50:23] UI init…
[2025-11-10 18:50:23] logo load fail: image "pyimage1" doesn't exist
[2025-11-10 18:50:23] tracker watch: C:\Boshy Randomizer\IWBTB\SaveFile1.ini, C:\Boshy Randomizer\IWBTB\onlineLicense.ini
[2025-11-10 18:50:23] smart_read: SaveFile1.ini -> rc4 (score=9)
[2025-11-10 18:50:23] smart_read: onlineLicense.ini -> rc4 (score=1)
[2025-11-10 18:50:25] smart_read: SaveFile1.ini -> rc4 (score=9)
[2025-11-10 18:50:25] smart_read: onlineLicense.ini -> rc4 (score=1)
[2025-11-10 18:50:27] smart_read: SaveFile1.ini -> rc4 (score=13)
[2025-11-10 18:50:27] smart_read: onlineLicense.ini -> rc4 (score=1)
[2025-11-10 18:50:29] smart_read: SaveFile1.ini -> rc4 (score=13)
[2025-11-10 18:50:29] smart_read: onlineLicense.ini -> rc4 (score=1)
[2025-11-10 18:50:31] smart_read: SaveFile1.ini -> rc4 (score=13)
[2025-11-10 18:50:31] smart_read: onlineLicense.ini -> rc4 (score=1)
[2025-11-10 18:50:32] UI hidden by user
[2025-11-10 18:50:33] smart_read: SaveFile1.ini -> rc4 (score=13)
[2025-11-10 18:50:33] smart_read: onlineLicense.ini -> rc4 (score=1)
[2025-11-10 18:55:04] === Live Tracker booting ===
[2025-11-10 18:55:04] UI init…
[2025-11-10 18:55:04] logo load fail: image "pyimage1" doesn't exist
[2025-11-10 18:55:04] tracker watch: C:\Boshy Randomizer\IWBTB\SaveFile1.ini, C:\Boshy Randomizer\IWBTB\onlineLicense.ini
[2025-11-10 18:55:04] smart_read: SaveFile1.ini -> rc4 (score=9)
[2025-11-10 18:55:04] smart_read: onlineLicense.ini -> rc4 (score=1)
[2025-11-10 18:55:06] smart_read: SaveFile1.ini -> rc4 (score=13)
[2025-11-10 18:55:06] smart_read: onlineLicense.ini -> rc4 (score=1)
[2025-11-10 18:55:08] smart_read: SaveFile1.ini -> rc4 (score=13)
[2025-11-10 18:55:08] smart_read: onlineLicense.ini -> rc4 (score=1)
[2025-11-10 19:00:54] === Live Tracker booting ===
[2025-11-10 19:00:54] UI init…
[2025-11-10 19:00:54] logo load fail: image "pyimage1" doesn't exist
[2025-11-10 19:00:54] UI mainloop starting
y Randomizer\IWBTB\SaveFile1.ini, C:\Boshy Randomizer\IWBTB\onlineLicense.ini
[2025-11-10 19:00:54] smart_read: SaveFile1.ini -> rc4 (score=9)
[2025-11-10 19:00:54] smart_read: onlineLicense.ini -> rc4 (score=1)
[2025-11-10 19:00:56] smart_read: SaveFile1.ini -> rc4 (score=13)
[2025-11-10 19:00:56] smart_read: onlineLicense.ini -> rc4 (score=1)
[2025-11-10 19:00:58] smart_read: SaveFile1.ini -> rc4 (score=13)
[2025-11-10 19:00:58] smart_read: onlineLicense.ini -> rc4 (score=1)
[2025-11-10 19:01:00] smart_read: SaveFile1.ini -> rc4 (score=13)
[2025-11-10 19:01:00] smart_read: onlineLicense.ini -> rc4 (score=1)
[2025-11-10 19:01:03] smart_read: SaveFile1.ini -> rc4 (score=13)
[2025-11-10 19:01:03] smart_read: onlineLicense.ini -> rc4 (score=1)
[2025-11-10 19:01:05] smart_read: SaveFile1.ini -> rc4 (score=13)
[2025-11-10 19:01:05] smart_read: onlineLicense.ini -> rc4 (score=1)
[2025-11-10 19:01:07] smart_read: SaveFile1.ini -> rc4 (score=13)
[2025-11-10 19:01:07] smart_read: onlineLicense.ini -> rc4 (score=1)
[2025-11-10 19:01:09] smart_read: SaveFile1.ini -> rc4 (score=13)
[2025-11-10 19:01:09] smart_read: onlineLicense.ini -> rc4 (score=1)
[2025-11-10 19:01:11] smart_read: SaveFile1.ini -> rc4 (score=13)
[2025-11-10 19:01:11] smart_read: onlineLicense.ini -> rc4 (score=1)
[2025-11-10 19:01:13] smart_read: SaveFile1.ini -> rc4 (score=13)
[2025-11-10 19:01:13] smart_read: onlineLicense.ini -> rc4 (score=1)
[2025-11-10 19:01:15] smart_read: SaveFile1.ini -> rc4 (score=13)
[2025-11-10 19:01:15] smart_read: onlineLicense.ini -> rc4 (score=1)
[2025-11-10 19:01:17] smart_read: SaveFile1.ini -> rc4 (score=13)
[2025-11-10 19:01:17] smart_read: onlineLicense.ini -> rc4 (score=1)
[2025-11-10 19:01:19] smart_read: SaveFile1.ini -> rc4 (score=13)
[2025-11-10 19:01:19] smart_read: onlineLicense.ini -> rc4 (score=1)
[2025-11-10 19:01:21] smart_read: SaveFile1.ini -> rc4 (score=13)
[2025-11-10 19:01:21] smart_read: onlineLicense.ini -> rc4 (score=1)
[2025-11-10 19:01:23] smart_read: SaveFile1.ini -> rc4 (score=13)
[2025-11-10 19:01:23] smart_read: onlineLicense.ini -> rc4 (score=1)
[2025-11-10 19:01:23] UI hidden by user
[2025-11-10 19:01:25] smart_read: SaveFile1.ini -> rc4 (score=13)
[2025-11-10 19:01:25] smart_read: onlineLicense.ini -> rc4 (score=1)
[2025-11-10 19:08:15] === Live Tracker booting ===
[2025-11-10 19:08:15] UI init…
[2025-11-10 19:08:15] logo load fail: image "pyimage1" doesn't exist
[2025-11-10 19:08:15] UI mainloop starting
y Randomizer\IWBTB\SaveFile1.ini, C:\Boshy Randomizer\IWBTB\onlineLicense.ini
[2025-11-10 19:08:15] smart_read: SaveFile1.ini -> rc4 (score=9)
[2025-11-10 19:08:15] smart_read: onlineLicense.ini -> rc4 (score=1)
[2025-11-10 19:08:17] smart_read: SaveFile1.ini -> rc4 (score=9)
[2025-11-10 19:08:17] smart_read: onlineLicense.ini -> rc4 (score=1)
[2025-11-10 19:08:19] smart_read: SaveFile1.ini -> rc4 (score=13)
[2025-11-10 19:08:19] smart_read: onlineLicense.ini -> rc4 (score=1)
[2025-11-10 19:08:21] smart_read: SaveFile1.ini -> rc4 (score=13)
[2025-11-10 19:08:21] timer started
[2025-11-10 19:08:21] smart_read: onlineLicense.ini -> rc4 (score=1)
[2025-11-10 19:08:23] smart_read: SaveFile1.ini -> rc4 (score=13)
[2025-11-10 19:08:23] smart_read: onlineLicense.ini -> rc4 (score=1)
[2025-11-10 19:08:25] smart_read: SaveFile1.ini -> rc4 (score=13)
[2025-11-10 19:08:25] smart_read: onlineLicense.ini -> rc4 (score=1)
[2025-11-10 19:08:27] smart_read: SaveFile1.ini -> rc4 (score=13)
[2025-11-10 19:08:27] smart_read: onlineLicense.ini -> rc4 (score=1)
[2025-11-10 19:08:29] smart_read: SaveFile1.ini -> rc4 (score=13)
[2025-11-10 19:08:29] smart_read: onlineLicense.ini -> rc4 (score=1)
[2025-11-10 19:08:31] smart_read: SaveFile1.ini -> rc4 (score=13)
[2025-11-10 19:08:31] smart_read: onlineLicense.ini -> rc4 (score=1)
[2025-11-10 19:08:59] === Live Tracker booting ===
[2025-11-10 19:09:00] UI init…
[2025-11-10 19:09:00] logo load fail: image "pyimage1" doesn't exist
[2025-11-10 19:09:00] UI mainloop starting
y Randomizer\IWBTB\SaveFile1.ini, C:\Boshy Randomizer\IWBTB\onlineLicense.ini
[2025-11-10 19:09:00] smart_read: SaveFile1.ini -> rc4 (score=9)
[2025-11-10 19:09:00] smart_read: onlineLicense.ini -> rc4 (score=1)
[2025-11-10 19:09:02] smart_read: SaveFile1.ini -> rc4 (score=13)
[2025-11-10 19:09:02] smart_read: onlineLicense.ini -> rc4 (score=1)
[2025-11-10 19:09:04] smart_read: SaveFile1.ini -> rc4 (score=13)
[2025-11-10 19:09:04] smart_read: onlineLicense.ini -> rc4 (score=1)
[2025-11-10 19:09:06] smart_read: SaveFile1.ini -> rc4 (score=13)
[2025-11-10 19:09:06] timer started
[2025-11-10 19:09:06] smart_read: onlineLicense.ini -> rc4 (score=1)
[2025-11-10 19:09:08] smart_read: SaveFile1.ini -> rc4 (score=13)
[2025-11-10 19:09:08] smart_read: onlineLicense.ini -> rc4 (score=1)
[2025-11-10 19:09:10] smart_read: SaveFile1.ini -> rc4 (score=13)
[2025-11-10 19:09:10] smart_read: onlineLicense.ini -> rc4 (score=1)
[2025-11-10 19:09:11] UI hidden by user
[2025-11-10 19:09:12] smart_read: SaveFile1.ini -> rc4 (score=13)
[2025-11-10 19:09:12] smart_read: onlineLicense.ini -> rc4 (score=1)
[2025-11-10 19:23:41] === Live Tracker booting ===
[2025-11-10 19:23:41] UI init…
[2025-11-10 19:23:41] logo load fail: image "pyimage1" doesn't exist
[2025-11-10 19:23:42] tracker watch: C:\Boshy Randomizer\IWBTB\SaveFile1.ini, C:\Boshy Randomizer\IWBTB\onlineLicense.ini
[2025-11-10 19:23:42] UI mainloop starting
[2025-11-10 19:23:42] smart_read: SaveFile1.ini -> rc4 (score=9)
[2025-11-10 19:23:42] smart_read: onlineLicense.ini -> rc4 (score=1)
[2025-11-10 19:23:44] smart_read: SaveFile1.ini -> rc4 (score=13)
[2025-11-10 19:23:44] smart_read: onlineLicense.ini -> rc4 (score=1)
[2025-11-10 19:23:46] smart_read: SaveFile1.ini -> rc4 (score=13)
[2025-11-10 19:23:46] smart_read: onlineLicense.ini -> rc4 (score=1)
[2025-11-10 19:23:48] smart_read: SaveFile1.ini -> rc4 (score=13)
[2025-11-10 19:23:48] smart_read: onlineLicense.ini -> rc4 (score=1)
[2025-11-10 19:23:50] smart_read: SaveFile1.ini -> rc4 (score=13)
[2025-11-10 19:23:50] smart_read: onlineLicense.ini -> rc4 (score=1)
[2025-11-10 19:23:52] smart_read: SaveFile1.ini -> rc4 (score=13)
[2025-11-10 19:23:52] smart_read: onlineLicense.ini -> rc4 (score=1)
[2025-11-10 19:23:53] UI hidden by user
[2025-11-10 19:23:54] smart_read: SaveFile1.ini -> rc4 (score=13)
[2025-11-10 19:23:54] smart_read: onlineLicense.ini -> rc4 (score=1)
[2025-11-10 19:23:56] smart_read: SaveFile1.ini -> rc4 (score=13)
[2025-11-10 19:23:56] smart_read: onlineLicense.ini -> rc4 (score=1)
