[2025-11-24 18:31:05] Randomizer started (positions.json + overlay + Difficulty Modes)
[2025-11-24 18:31:05]  Randomizer config loaded: poll=0.1s, cooldown=2.0s, repeats=False
[2025-11-24 18:31:05] 40 trigger names loaded (40 total entries)
[2025-11-24 18:31:05] 48 pixel regions loaded.
[2025-11-24 18:31:05] 📄 positions.json loaded (22 Rooms, 24 Bosses).
[2025-11-24 18:31:20]  Difficulty set to Average 
[2025-11-24 18:31:20]  Using pools: Rooms=C:\Python Projekt\Boshy Randomizer\GitHub\INI\Room | Bosses=C:\Python Projekt\Boshy Randomizer\GitHub\INI\Boss
[2025-11-24 18:31:20]  Route seed from GUI: 305314
[2025-11-24 18:31:20]  Route code: R2-B2-T0-C2-P1-305314
[2025-11-24 18:31:20] 🎲 Character RNG seeded with: 305314
[2025-11-24 18:31:20] ✅ Keyboard hook for F3 block installed.
blocked (no character menu).
[2025-11-24 18:31:20]  Character lock enabled  F3 (character menu) is blocked while random character mode is active.
[2025-11-24 18:31:20] [save_profile_manager] wrote SaveFile1 -> C:\Python Projekt\Boshy Randomizer\GitHub\IWBTB\SaveFile1.ini
[2025-11-24 18:31:20] [save_profile_manager] wrote SaveFile2 -> C:\Python Projekt\Boshy Randomizer\GitHub\IWBTB\SaveFile2.ini
[2025-11-24 18:31:20] [save_profile_manager] wrote SaveFile3 -> C:\Python Projekt\Boshy Randomizer\GitHub\IWBTB\SaveFile3.ini
[2025-11-24 18:31:20] [save_profile_manager] wrote onlineLicense -> C:\Python Projekt\Boshy Randomizer\GitHub\IWBTB\onlineLicense.ini
[2025-11-24 18:31:20] 🔎 Audit(save_profile_manager:startup): OK (size=115, PositionsSection=True, Stats=True)
[2025-11-24 18:31:20]  Save profiles initialized from JSON (startup).
[2025-11-24 18:31:20] 🧹 target_items.json cleared.
[2025-11-24 18:31:20] 📦 Room pool initialized with 22 entries.
[2025-11-24 18:31:20] 📦 Boss pool initialized with 23 entries.
[2025-11-24 18:31:20] ♻️ [normal] Avoiding last 8 rooms (filtered to 13 rooms).
[2025-11-24 18:31:20] ♻️ [normal] Avoiding last 8 bosses (filtered to 16 bosses).
[2025-11-24 18:31:20] 🎲 Using route seed: 305314
[2025-11-24 18:31:20] Route built from positions.json: save13.ini -> boss12.ini -> save3.ini -> boss19.ini -> boss_solgryn.ini
[2025-11-24 18:31:20] 🧷 Updated [normal] route history (rooms=8, bosses=8).
[2025-11-24 18:31:20]   Route built: save13.ini -> boss12.ini -> save3.ini -> boss19.ini -> boss_solgryn.ini
[2025-11-24 18:31:20]  Item Randomizer (re)started.
[2025-11-24 18:31:20] 📦 36 items loaded from items.json.
[2025-11-24 18:31:20]  Game not found: C:\Python Projekt\Boshy Randomizer\GitHub\IWBTB\I Wanna Be The Boshy.exe
[2025-11-24 18:31:20] 📦 17 characters loaded from characters.json.
[2025-11-24 18:31:20] 🧹 Keyboard hook for F3 block uninstalled.
[2025-11-24 18:31:20] 🔄 Item randomizer initialized (pool size: 37).
